#-----------------------------------------------------------
# Vivado v2025.2 (64-bit)
# SW Build 6299465 on Fri Nov 14 19:35:11 GMT 2025
# IP Build 6300035 on Fri Nov 14 10:48:45 MST 2025
# SharedData Build 6298862 on Thu Nov 13 04:50:51 MST 2025
# Start of session at: Sun May  3 15:14:43 2026
# Process ID         : 27716
# Current directory  : C:/Users/brano/Documents/de1-projekt/projekt_DE1
# Command line       : vivado.exe -gui_launcher_event rodinguilauncherevent29492 C:\Users\brano\Documents\de1-projekt\projekt_DE1\projekt_DE1.xpr
# Log file           : C:/Users/brano/Documents/de1-projekt/projekt_DE1/vivado.log
# Journal file       : C:/Users/brano/Documents/de1-projekt/projekt_DE1\vivado.jou
# Running On         : Brano
# Platform           : Windows Server 2016 or Windows 10
# Operating System   : 26200
# Processor Detail   : 13th Gen Intel(R) Core(TM) i5-13420H
# CPU Frequency      : 2611 MHz
# CPU Physical cores : 8
# CPU Logical cores  : 12
# Host memory        : 16869 MB
# Swap memory        : 6661 MB
# Total Virtual      : 23530 MB
# Available Virtual  : 2988 MB
#-----------------------------------------------------------
start_gui
open_project C:/Users/brano/Documents/de1-projekt/projekt_DE1/projekt_DE1.xpr
update_compile_order -fileset sources_1
